// Jest Snapshot v1, https://goo.gl/fbAQLP

exports[`Scroll 基本渲染 1`] = `
<RCTScrollView
  horizontal={true}
  keyboardDismissMode="on-drag"
  keyboardShouldPersistTaps={true}
  onScroll={[Function]}
  style={
    Object {
      "backgroundColor": "red",
      "display": "flex",
      "flexWrap": "no-wrap",
      "transform": Array [
        Object {
          "rotate": "30deg",
        },
      ],
    }
  }
>
  <View>
    <View
      activeOpacity={0.5}
      className="view"
      onPress={[Function]}
      style={
        Object {
          "borderRadius": undefined,
          "display": "flex",
          "flexDirection": "column",
          "flexWrap": "nowrap",
          "opacity": undefined,
          "position": undefined,
        }
      }
    >
      <Text
        className="view"
        style={
          Object {
            "color": undefined,
            "fontSize": 26,
            "fontWeight": undefined,
            "height": undefined,
            "lineHeight": undefined,
            "paddingTop": undefined,
            "textAlign": undefined,
            "textAlignVertical": "center",
          }
        }
      >
        233
      </Text>
    </View>
    <View
      activeOpacity={0.5}
      className="view"
      onPress={[Function]}
      style={
        Object {
          "borderRadius": undefined,
          "display": "flex",
          "flexDirection": "column",
          "flexWrap": "nowrap",
          "opacity": undefined,
          "position": undefined,
        }
      }
    >
      <Text
        className="view"
        style={
          Object {
            "color": undefined,
            "fontSize": 26,
            "fontWeight": undefined,
            "height": undefined,
            "lineHeight": undefined,
            "paddingTop": undefined,
            "textAlign": undefined,
            "textAlignVertical": "center",
          }
        }
      >
        233
      </Text>
    </View>
  </View>
</RCTScrollView>
`;
